// Jest Snapshot v1, https://goo.gl/fbAQLP

exports[`rendering is correct Snapshot-test of page 1`] = `[Function]`;
