// Jest Snapshot v1, https://goo.gl/fbAQLP

exports[`Unit test on the ListComponent component matches snapshot for component 1`] = `
<div>
  <p>
    Loading
  </p>
  <div
    className="showMore"
  >
    <div
      className="PageNavButtonGroups"
    >
      <button
        className="showNextButton btn btn-primary"
        disabled={false}
        onClick={[Function]}
        type="button"
      >
        &lt;&lt; FÃ¸rste side
      </button>
    </div>
    <div
      className="PageNavButtonGroups"
    >
      <button
        className="showNextButton btn btn-primary"
        disabled={true}
        onClick={[Function]}
        type="button"
      >
         &lt; Forrige side
      </button>
      <div
        className="page-counter"
      >
        1
      </div>
      <button
        className="showNextButton btn btn-primary"
        disabled={true}
        onClick={[Function]}
        type="button"
      >
        Neste side &gt; 
      </button>
    </div>
    <div
      className="PageNavButtonGroups"
    >
      <button
        className="showNextButton btn btn-primary"
        disabled={false}
        style={
          Object {
            "visibility": "hidden",
          }
        }
        type="button"
      >
        Siste side &gt;&gt;
      </button>
    </div>
  </div>
</div>
`;
